these are super  very  very  very  very   very  very  very  very  very  very  very  very  very  very   very  very  very  very  very  very  very  very  very  very   very  very  very  very  very  very  very  very  very  very   very  very  very  very  very  very  very  very  very  very   very  very  very  very  very  very  very  very  very  very   very  very  very  very  very  very  very  very  very  very   very  very  very  very  very  very  very  very  very  very   very  very  very  very  very  very  very  very  very  very   very  very  very  very  very  very  very  very  very  very   very  very  very  very  very  very  very  very  very  very   very  very  very  very  very  very  very  very  very  very   very  very  very  very  very  very  very  very  very  very   very  very  very  very  very  very  very  very  very  very   very  very  very  very  very  very  very  very  very  very   very  very  very  very  very  very  very  very  very  very   very  very  very  very  very  very  very  very  very  very   very  very  very  very  very  very  very  very  very  very   very  very  very  very  very  very  very  very  very  very   very  very  very  very  very  very  very  very  very  very   very  very  very  very  very  very  very  very  very  very   very  very  very  very  very  very  very  very  very  very   very  very  very  very  very  very  very  very  very  very   very  very  very  very  very  very  very  very  very  very   very  very  very  very  very  very  very  very  very  very   very  very  very  very  very  very  very  very  very  very   very  very  very  very  very  very  very  very  very  very   very  very  very  very  very  very  very  very  very  very   very  very  very  very  very  very  very  very  very  very   very  very  very  very  very  very  very  very  very  very   very  very  very  very  very  very  very  very  very  very   very  very  very  very  very  very  very  very  very  very   very  very  very  very  very  very  very  very  very  very   very  very  very  very  very  very  very  very  very  very   very  very  very  very  very  very  very  very  very  very   very  very  very  very  very  very  very  very  very  very   very  very  very  very  very  very  very  very  very  very   very  very  very  very  very  very  very  very  very  very   very  very  very  very  very  very  very  very  very  very   very  very  very  very  very  very  very  very  very  very   very  very  very  very  very  very  very  very  very  very   very  very  very  very  very  very  very  very  very  very   very  very  very  very  very  very  very  very  very  very   very  very  very  very  very  very  very  very  very  very   very  very  very  very  very  very  very  very  very  very   very  very  very  very  very  very  very  very  very  very   very  very  very  very  very  very  very  very  very  very   very  very  very  very  very  very  very  very  very  very   very  very  very  very  very  very  very  very  very  very   very  very  very  very  very  very  very  very  very  very   very  very  very  very  very  very  very  very  very  very   very  very  very  very  very  very  very  very  very  very   very  very  very  very  very  very  very  very  very  very   very  very  very  very  very  very  very  very  very  very   very  very  very  very  very  very  very  very  very  very   very  very  very  very  very  very  very  very  very  very   very  very  very  very  very  very  very  very  very  very   very  very  very  very  very  very  very  very  very  very   very  very  very  very  very  very  very  very  very  very   very  very  very  very  very  very  very  very  very  very   very  very  very  very  very  very  very  very  very  very   very  very  very  very  very  very  very  very  very  very   very  very  very  very  very  very  very  very  very  very   very  very  very  very  very  very  very  very  very  very   very  very  very  very  very  very  very  very  very  very   very  very  very  very  very  very  very  very  very  very   very  very  very  very  very  very  very  very  very  very   very  very  very  very  very  very  very  very  very  very   very  very  very  very  very  very  very  very  very  very   very  very  very  very  very  very  very  very  very  very   very  very  very  very  very  very  very  very  very  very   very  very  very  very  very  very  very  very  very  very   very  very  very  very  very  very  very  very  very  very   very  very  very  very  very  very  very  very  very  very   very  very  very  very  very  very  very  very  very  very   very  very  very  very  very  very  very  very  very  very   very  very  very  very  very  very  very  very  very  very   very  very  very  very  very  very  very  very  very  very   very  very  very  very  very  very  very  very  very  very   very  very  very  very  very  very  very  very  very  very   very  very  very  very  very  very  very  very  very  very   very  very  very  very  very  very  very  very  very  very   very  very  very  very  very  very  very  very  very  very   very  very  very  very  very  very  very  very  very  very   very  very  very  very  very  very  very  very  very  very   very  very  very  very  very  very  very  very  very  very   very  very  very  very  very  very  very  very  very  very   very  very  very  very  very  very  very  very  very  very   very  very  very  very  very  very  very  very  very  very   very  very  very  very  very  very  very  very  very  very   very  very  very  very  very  very  very  very  very  very   very  very  very  very  very  very  very  very  very  very   very  very  very  very  very  very  very  very  very  very   very  very  very  very  very  long lines of text
these are super  very  very  very  very   very  very  very  very  very  very  very  very  very  very   very  very  very  very  very  very  very  very  very  very   very  very  very  very  very  very  very  very  very  very   very  very  very  very  very  very  very  very  very  very   very  very  very  very  very  very  very  very  very  very   very  very  very  very  very  very  very  very  very  very   very  very  very  very  very  very  very  very  very  very   very  very  very  very  very  very  very  very  very  very   very  very  very  very  very  very  very  very  very  very   very  very  very  very  very  very  very  very  very  very   very  very  very  very  very  very  very  very  very  very   very  very  very  very  very  very  very  very  very  very   very  very  very  very  very  very  very  very  very  very   very  very  very  very  very  very  very  very  very  very   very  very  very  very  very  very  very  very  very  very   very  very  very  very  very  very  very  very  very  very   very  very  very  very  very  very  very  very  very  very   very  very  very  very  very  very  very  very  very  very   very  very  very  very  very  very  very  very  very  very   very  very  very  very  very  very  very  very  very  very   very  very  very  very  very  very  very  very  very  very   very  very  very  very  very  very  very  very  very  very   very  very  very  very  very  very  very  very  very  very   very  very  very  very  very  very  very  very  very  very   very  very  very  very  very  very  very  very  very  very   very  very  very  very  very  very  very  very  very  very   very  very  very  very  very  very  very  very  very  very   very  very  very  very  very  very  very  very  very  very   very  very  very  very  very  very  very  very  very  very   very  very  very  very  very  very  very  very  very  very   very  very  very  very  very  very  very  very  very  very   very  very  very  very  very  very  very  very  very  very   very  very  very  very  very  very  very  very  very  very   very  very  very  very  very  very  very  very  very  very   very  very  very  very  very  very  very  very  very  very   very  very  very  very  very  very  very  very  very  very   very  very  very  very  very  very  very  very  very  very   very  very  very  very  very  very  very  very  very  very   very  very  very  very  very  very  very  very  very  very   very  very  very  very  very  very  very  very  very  very   very  very  very  very  very  very  very  very  very  very   very  very  very  very  very  very  very  very  very  very   very  very  very  very  very  very  very  very  very  very   very  very  very  very  very  very  very  very  very  very   very  very  very  very  very  very  very  very  very  very   very  very  very  very  very  very  very  very  very  very   very  very  very  very  very  very  very  very  very  very   very  very  very  very  very  very  very  very  very  very   very  very  very  very  very  very  very  very  very  very   very  very  very  very  very  very  very  very  very  very   very  very  very  very  very  very  very  very  very  very   very  very  very  very  very  very  very  very  very  very   very  very  very  very  very  very  very  very  very  very   very  very  very  very  very  very  very  very  very  very   very  very  very  very  very  very  very  very  very  very   very  very  very  very  very  very  very  very  very  very   very  very  very  very  very  very  very  very  very  very   very  very  very  very  very  very  very  very  very  very   very  very  very  very  very  very  very  very  very  very   very  very  very  very  very  very  very  very  very  very   very  very  very  very  very  very  very  very  very  very   very  very  very  very  very  very  very  very  very  very   very  very  very  very  very  very  very  very  very  very   very  very  very  very  very  very  very  very  very  very   very  very  very  very  very  very  very  very  very  very   very  very  very  very  very  very  very  very  very  very   very  very  very  very  very  very  very  very  very  very   very  very  very  very  very  very  very  very  very  very   very  very  very  very  very  very  very  very  very  very   very  very  very  very  very  very  very  very  very  very   very  very  very  very  very  very  very  very  very  very   very  very  very  very  very  very  very  very  very  very   very  very  very  very  very  very  very  very  very  very   very  very  very  very  very  very  very  very  very  very   very  very  very  very  very  very  very  very  very  very   very  very  very  very  very  very  very  very  very  very   very  very  very  very  very  very  very  very  very  very   very  very  very  very  very  very  very  very  very  very   very  very  very  very  very  very  very  very  very  very   very  very  very  very  very  very  very  very  very  very   very  very  very  very  very  very  very  very  very  very   very  very  very  very  very  very  very  very  very  very   very  very  very  very  very  very  very  very  very  very   very  very  very  very  very  very  very  very  very  very   very  very  very  very  very  very  very  very  very  very   very  very  very  very  very  very  very  very  very  very   very  very  very  very  very  very  very  very  very  very   very  very  very  very  very  very  very  very  very  very   very  very  very  very  very  very  very  very  very  very   very  very  very  very  very  very  very  very  very  very   very  very  very  very  very  very  very  very  very  very   very  very  very  very  very  very  very  very  very  very   very  very  very  very  very  long lines of text
these are super  very  very  very  very   very  very  very  very  very  very  very  very  very  very   very  very  very  very  very  very  very  very  very  very   very  very  very  very  very  very  very  very  very  very   very  very  very  very  very  very  very  very  very  very   very  very  very  very  very  very  very  very  very  very   very  very  very  very  very  very  very  very  very  very   very  very  very  very  very  very  very  very  very  very   very  very  very  very  very  very  very  very  very  very   very  very  very  very  very  very  very  very  very  very   very  very  very  very  very  very  very  very  very  very   very  very  very  very  very  very  very  very  very  very   very  very  very  very  very  very  very  very  very  very   very  very  very  very  very  very  very  very  very  very   very  very  very  very  very  very  very  very  very  very   very  very  very  very  very  very  very  very  very  very   very  very  very  very  very  very  very  very  very  very   very  very  very  very  very  very  very  very  very  very   very  very  very  very  very  very  very  very  very  very   very  very  very  very  very  very  very  very  very  very   very  very  very  very  very  very  very  very  very  very   very  very  very  very  very  very  very  very  very  very   very  very  very  very  very  very  very  very  very  very   very  very  very  very  very  very  very  very  very  very   very  very  very  very  very  very  very  very  very  very   very  very  very  very  very  very  very  very  very  very   very  very  very  very  very  very  very  very  very  very   very  very  very  very  very  very  very  very  very  very   very  very  very  very  very  very  very  very  very  very   very  very  very  very  very  very  very  very  very  very   very  very  very  very  very  very  very  very  very  very   very  very  very  very  very  very  very  very  very  very   very  very  very  very  very  very  very  very  very  very   very  very  very  very  very  very  very  very  very  very   very  very  very  very  very  very  very  very  very  very   very  very  very  very  very  very  very  very  very  very   very  very  very  very  very  very  very  very  very  very   very  very  very  very  very  very  very  very  very  very   very  very  very  very  very  very  very  very  very  very   very  very  very  very  very  very  very  very  very  very   very  very  very  very  very  very  very  very  very  very   very  very  very  very  very  very  very  very  very  very   very  very  very  very  very  very  very  very  very  very   very  very  very  very  very  very  very  very  very  very   very  very  very  very  very  very  very  very  very  very   very  very  very  very  very  very  very  very  very  very   very  very  very  very  very  very  very  very  very  very   very  very  very  very  very  very  very  very  very  very   very  very  very  very  very  very  very  very  very  very   very  very  very  very  very  very  very  very  very  very   very  very  very  very  very  very  very  very  very  very   very  very  very  very  very  very  very  very  very  very   very  very  very  very  very  very  very  very  very  very   very  very  very  very  very  very  very  very  very  very   very  very  very  very  very  very  very  very  very  very   very  very  very  very  very  very  very  very  very  very   very  very  very  very  very  very  very  very  very  very   very  very  very  very  very  very  very  very  very  very   very  very  very  very  very  very  very  very  very  very   very  very  very  very  very  very  very  very  very  very   very  very  very  very  very  very  very  very  very  very   very  very  very  very  very  very  very  very  very  very   very  very  very  very  very  very  very  very  very  very   very  very  very  very  very  very  very  very  very  very   very  very  very  very  very  very  very  very  very  very   very  very  very  very  very  very  very  very  very  very   very  very  very  very  very  very  very  very  very  very   very  very  very  very  very  very  very  very  very  very   very  very  very  very  very  very  very  very  very  very   very  very  very  very  very  very  very  very  very  very   very  very  very  very  very  very  very  very  very  very   very  very  very  very  very  very  very  very  very  very   very  very  very  very  very  very  very  very  very  very   very  very  very  very  very  very  very  very  very  very   very  very  very  very  very  very  very  very  very  very   very  very  very  very  very  very  very  very  very  very   very  very  very  very  very  very  very  very  very  very   very  very  very  very  very  very  very  very  very  very   very  very  very  very  very  very  very  very  very  very   very  very  very  very  very  very  very  very  very  very   very  very  very  very  very  very  very  very  very  very   very  very  very  very  very  very  very  very  very  very   very  very  very  very  very  very  very  very  very  very   very  very  very  very  very  very  very  very  very  very   very  very  very  very  very  very  very  very  very  very   very  very  very  very  very  very  very  very  very  very   very  very  very  very  very  very  very  very  very  very   very  very  very  very  very  very  very  very  very  very   very  very  very  very  very  very  very  very  very  very   very  very  very  very  very  very  very  very  very  very   very  very  very  very  very  very  very  very  very  very   very  very  very  very  very  very  very  very  very  very   very  very  very  very  very  very  very  very  very  very   very  very  very  very  very  long lines of text
these are not
these are still not
these are really not
these are super  very  very  very  very   very  very  very  very  very  very  very  very  very  very   very  very  very  very  very  very  very  very  very  very   very  very  very  very  very  very  very  very  very  very   very  very  very  very  very  very  very  very  very  very   very  very  very  very  very  very  very  very  very  very   very  very  very  very  very  very  very  very  very  very   very  very  very  very  very  very  very  very  very  very   very  very  very  very  very  very  very  very  very  very   very  very  very  very  very  very  very  very  very  very   very  very  very  very  very  very  very  very  very  very   very  very  very  very  very  very  very  very  very  very   very  very  very  very  very  very  very  very  very  very   very  very  very  very  very  very  very  very  very  very   very  very  very  very  very  very  very  very  very  very   very  very  very  very  very  very  very  very  very  very   very  very  very  very  very  very  very  very  very  very   very  very  very  very  very  very  very  very  very  very   very  very  very  very  very  very  very  very  very  very   very  very  very  very  very  very  very  very  very  very   very  very  very  very  very  very  very  very  very  very   very  very  very  very  very  very  very  very  very  very   very  very  very  very  very  very  very  very  very  very   very  very  very  very  very  very  very  very  very  very   very  very  very  very  very  very  very  very  very  very   very  very  very  very  very  very  very  very  very  very   very  very  very  very  very  very  very  very  very  very   very  very  very  very  very  very  very  very  very  very   very  very  very  very  very  very  very  very  very  very   very  very  very  very  very  very  very  very  very  very   very  very  very  very  very  very  very  very  very  very   very  very  very  very  very  very  very  very  very  very   very  very  very  very  very  very  very  very  very  very   very  very  very  very  very  very  very  very  very  very   very  very  very  very  very  very  very  very  very  very   very  very  very  very  very  very  very  very  very  very   very  very  very  very  very  very  very  very  very  very   very  very  very  very  very  very  very  very  very  very   very  very  very  very  very  very  very  very  very  very   very  very  very  very  very  very  very  very  very  very   very  very  very  very  very  very  very  very  very  very   very  very  very  very  very  very  very  very  very  very   very  very  very  very  very  very  very  very  very  very   very  very  very  very  very  very  very  very  very  very   very  very  very  very  very  very  very  very  very  very   very  very  very  very  very  very  very  very  very  very   very  very  very  very  very  very  very  very  very  very   very  very  very  very  very  very  very  very  very  very   very  very  very  very  very  very  very  very  very  very   very  very  very  very  very  very  very  very  very  very   very  very  very  very  very  very  very  very  very  very   very  very  very  very  very  very  very  very  very  very   very  very  very  very  very  very  very  very  very  very   very  very  very  very  very  very  very  very  very  very   very  very  very  very  very  very  very  very  very  very   very  very  very  very  very  very  very  very  very  very   very  very  very  very  very  very  very  very  very  very   very  very  very  very  very  very  very  very  very  very   very  very  very  very  very  very  very  very  very  very   very  very  very  very  very  very  very  very  very  very   very  very  very  very  very  very  very  very  very  very   very  very  very  very  very  very  very  very  very  very   very  very  very  very  very  very  very  very  very  very   very  very  very  very  very  very  very  very  very  very   very  very  very  very  very  very  very  very  very  very   very  very  very  very  very  very  very  very  very  very   very  very  very  very  very  very  very  very  very  very   very  very  very  very  very  very  very  very  very  very   very  very  very  very  very  very  very  very  very  very   very  very  very  very  very  very  very  very  very  very   very  very  very  very  very  very  very  very  very  very   very  very  very  very  very  very  very  very  very  very   very  very  very  very  very  very  very  very  very  very   very  very  very  very  very  very  very  very  very  very   very  very  very  very  very  very  very  very  very  very   very  very  very  very  very  very  very  very  very  very   very  very  very  very  very  very  very  very  very  very   very  very  very  very  very  very  very  very  very  very   very  very  very  very  very  very  very  very  very  very   very  very  very  very  very  very  very  very  very  very   very  very  very  very  very  very  very  very  very  very   very  very  very  very  very  very  very  very  very  very   very  very  very  very  very  very  very  very  very  very   very  very  very  very  very  very  very  very  very  very   very  very  very  very  very  very  very  very  very  very   very  very  very  very  very  very  very  very  very  very   very  very  very  very  very  very  very  very  very  very   very  very  very  very  very  very  very  very  very  very   very  very  very  very  very  very  very  very  very  very   very  very  very  very  very  very  very  very  very  very   very  very  very  very  very  very  very  very  very  very   very  very  very  very  very  very  very  very  very  very   very  very  very  very  very  very  very  very  very  very   very  very  very  very  very  long lines of text

