these are very  very  very  very  very   very  very  very  very  very  very  very  very  very  very   very  very  very  very  very  very  very  very  very  very   very  very  very  very  very  very  very  very  very  very   very  very  very  very  very  very  very  very  very  very   very  very  very  very  very  very  very  very  very  very   very  very  very  very  very  very  very  very  very  very   very  very  very  very  very  very  very  very  very  very   very  very  very  very  very  very  very  very  very  very   very  very  very  very  very  very  very  very  very  very   very  very  very  very  very  very  very  very  very  very   very  very  very  very  very  very  very  very  very  very   very  very  very  very  very  very  very  very  very  very   very  very  very  very  very  very  very  very  very  very   very  very  very  very  very  very  very  very  very  very   very  very  very  very  very  very  very  very  very  very   very  very  very  very  very  very  very  very  very  very   very  very  very  very  very  very  very  very  very  very   very  very  very  very  very  very  very  very  very  very   very  very  very  very  very  very  very  very  very  very   very  very  very  very  very  very  very  very  very  very   very  very  very  very  very  very  very  very  very  very   very  very  very  very  very  very  very  very  very  very   very  very  very  very  very  very  very  very  very  very   very  very  very  very  very  very  very  very  very  very   very  very  very  very  very  very  very  very  very  very   very  very  very  very  very  very  very  very  very  very   very  very  very  very  very  very  very  very  very  very   very  very  very  very  very  very  very  very  very  very   very  very  very  very  very  very  very  very  very  very   very  very  very  very  very  very  very  very  very  very   very  very  very  very  very  very  very  very  very  very   very  very  very  very  very  very  very  very  very  very   very  very  very  very  very  very  very  very  very  very   very  very  very  very  very  very  very  very  very  very   very  very  very  very  very  very  very  very  very  very   very  very  very  very  very  very  very  very  very  very   very  very  very  very  very  very  very  very  very  very   very  very  very  very  very  very  very  very  very  very   very  very  very  very  very  very  very  very  very  very   very  very  very  very  very  very  very  very  very  very   very  very  very  very  very  very  very  very  very  very   very  very  very  very  very  very  very  very  very  very   very  very  very  very  very  very  very  very  very  very   very  very  very  very  very  very  very  very  very  very   very  very  very  very  very  very  very  very  very  very   very  very  very  very  very  very  very  very  very  very   very  very  very  very  very  very  very  very  very  very   very  very  very  very  very  very  very  very  very  very   very  very  very  very  very  very  very  very  very  very   very  very  very  very  very  very  very  very  very  very   very  very  very  very  very  very  very  very  very  very   very  very  very  very  very  very  very  very  very  very   very  very  very  very  very  very  very  very  very  very   very  very  very  very  very  very  very  very  very  very   very  very  very  very  very  very  very  very  very  very   very  very  very  very  very  very  very  very  very  very   very  very  very  very  very  very  very  very  very  very   very  very  very  very  very  very  very  very  very  very   very  very  very  very  very  very  very  very  very  very   very  very  very  very  very  very  very  very  very  very   very  very  very  very  very  very  very  very  very  very   very  very  very  very  very  very  very  very  very  very   very  very  very  very  very  very  very  very  very  very   very  very  very  very  very  very  very  very  very  very   very  very  very  very  very  very  very  very  very  very   very  very  very  very  very  very  very  very  very  very   very  very  very  very  very  very  very  very  very  very   very  very  very  very  very  very  very  very  very  very   very  very  very  very  very  very  very  very  very  very   very  very  very  very  very  very  very  very  very  very   very  very  very  very  very  very  very  very  very  very   very  very  very  very  very  very  very  very  very  very   very  very  very  very  very  very  very  very  very  very   very  very  very  very  very  very  very  very  very  very   very  very  very  very  very  very  very  very  very  very   very  very  very  very  very  very  very  very  very  very   very  very  very  very  very  very  very  very  very  very   very  very  very  very  very  very  very  very  very  very   very  very  very  very  very  very  very  very  very  very   very  very  very  very  very  very  very  very  very  very   very  very  very  very  very  very  very  very  very  very   very  very  very  very  very  very  very  very  very  very   very  very  very  very  very  very  very  very  very  very   very  very  very  very  very  very  very  very  very  very   very  very  very  very  very  very  very  very  very  very   very  very  very  very  very  very  very  very  very  very   very  very  very  very  very  very  very  very  very  very   very  very  very  very  very  very  very  very  very  very   very  very  very  very  very  very  very  very  very  very   very  very  very  very  very  very  very  very  very  very   very  very  very  very  very  very  very  very  very  very   very  very  very  very  very  very  very  very  very  very   very  very  very  very  very  long lines of 
these are very  very  very  very  very   very  very  very  very  very  very  very  very  very  very   very  very  very  very  very  very  very  very  very  very   very  very  very  very  very  very  very  very  very  very   very  very  very  very  very  very  very  very  very  very   very  very  very  very  very  very  very  very  very  very   very  very  very  very  very  very  very  very  very  very   very  very  very  very  very  very  very  very  very  very   very  very  very  very  very  very  very  very  very  very   very  very  very  very  very  very  very  very  very  very   very  very  very  very  very  very  very  very  very  very   very  very  very  very  very  very  very  very  very  very   very  very  very  very  very  very  very  very  very  very   very  very  very  very  very  very  very  very  very  very   very  very  very  very  very  very  very  very  very  very   very  very  very  very  very  very  very  very  very  very   very  very  very  very  very  very  very  very  very  very   very  very  very  very  very  very  very  very  very  very   very  very  very  very  very  very  very  very  very  very   very  very  very  very  very  very  very  very  very  very   very  very  very  very  very  very  very  very  very  very   very  very  very  very  very  very  very  very  very  very   very  very  very  very  very  very  very  very  very  very   very  very  very  very  very  very  very  very  very  very   very  very  very  very  very  very  very  very  very  very   very  very  very  very  very  very  very  very  very  very   very  very  very  very  very  very  very  very  very  very   very  very  very  very  very  very  very  very  very  very   very  very  very  very  very  very  very  very  very  very   very  very  very  very  very  very  very  very  very  very   very  very  very  very  very  very  very  very  very  very   very  very  very  very  very  very  very  very  very  very   very  very  very  very  very  very  very  very  very  very   very  very  very  very  very  very  very  very  very  very   very  very  very  very  very  very  very  very  very  very   very  very  very  very  very  very  very  very  very  very   very  very  very  very  very  very  very  very  very  very   very  very  very  very  very  very  very  very  very  very   very  very  very  very  very  very  very  very  very  very   very  very  very  very  very  very  very  very  very  very   very  very  very  very  very  very  very  very  very  very   very  very  very  very  very  very  very  very  very  very   very  very  very  very  very  very  very  very  very  very   very  very  very  very  very  very  very  very  very  very   very  very  very  very  very  very  very  very  very  very   very  very  very  very  very  very  very  very  very  very   very  very  very  very  very  very  very  very  very  very   very  very  very  very  very  very  very  very  very  very   very  very  very  very  very  very  very  very  very  very   very  very  very  very  very  very  very  very  very  very   very  very  very  very  very  very  very  very  very  very   very  very  very  very  very  very  very  very  very  very   very  very  very  very  very  very  very  very  very  very   very  very  very  very  very  very  very  very  very  very   very  very  very  very  very  very  very  very  very  very   very  very  very  very  very  very  very  very  very  very   very  very  very  very  very  very  very  very  very  very   very  very  very  very  very  very  very  very  very  very   very  very  very  very  very  very  very  very  very  very   very  very  very  very  very  very  very  very  very  very   very  very  very  very  very  very  very  very  very  very   very  very  very  very  very  very  very  very  very  very   very  very  very  very  very  very  very  very  very  very   very  very  very  very  very  very  very  very  very  very   very  very  very  very  very  very  very  very  very  very   very  very  very  very  very  very  very  very  very  very   very  very  very  very  very  very  very  very  very  very   very  very  very  very  very  very  very  very  very  very   very  very  very  very  very  very  very  very  very  very   very  very  very  very  very  very  very  very  very  very   very  very  very  very  very  very  very  very  very  very   very  very  very  very  very  very  very  very  very  very   very  very  very  very  very  very  very  very  very  very   very  very  very  very  very  very  very  very  very  very   very  very  very  very  very  very  very  very  very  very   very  very  very  very  very  very  very  very  very  very   very  very  very  very  very  very  very  very  very  very   very  very  very  very  very  very  very  very  very  very   very  very  very  very  very  very  very  very  very  very   very  very  very  very  very  very  very  very  very  very   very  very  very  very  very  very  very  very  very  very   very  very  very  very  very  very  very  very  very  very   very  very  very  very  very  very  very  very  very  very   very  very  very  very  very  very  very  very  very  very   very  very  very  very  very  very  very  very  very  very   very  very  very  very  very  very  very  very  very  very   very  very  very  very  very  very  very  very  very  very   very  very  very  very  very  very  very  very  very  very   very  very  very  very  very  very  very  very  very  very   very  very  very  very  very  very  very  very  very  very   very  very  very  very  very  very  very  very  very  very   very  very  very  very  very  very  very  very  very  very   very  very  very  very  very  very  very  very  very  very   very  very  very  very  very  long lines of 
these are very  very  very  very  very   very  very  very  very  very  very  very  very  very  very   very  very  very  very  very  very  very  very  very  very   very  very  very  very  very  very  very  very  very  very   very  very  very  very  very  very  very  very  very  very   very  very  very  very  very  very  very  very  very  very   very  very  very  very  very  very  very  very  very  very   very  very  very  very  very  very  very  very  very  very   very  very  very  very  very  very  very  very  very  very   very  very  very  very  very  very  very  very  very  very   very  very  very  very  very  very  very  very  very  very   very  very  very  very  very  very  very  very  very  very   very  very  very  very  very  very  very  very  very  very   very  very  very  very  very  very  very  very  very  very   very  very  very  very  very  very  very  very  very  very   very  very  very  very  very  very  very  very  very  very   very  very  very  very  very  very  very  very  very  very   very  very  very  very  very  very  very  very  very  very   very  very  very  very  very  very  very  very  very  very   very  very  very  very  very  very  very  very  very  very   very  very  very  very  very  very  very  very  very  very   very  very  very  very  very  very  very  very  very  very   very  very  very  very  very  very  very  very  very  very   very  very  very  very  very  very  very  very  very  very   very  very  very  very  very  very  very  very  very  very   very  very  very  very  very  very  very  very  very  very   very  very  very  very  very  very  very  very  very  very   very  very  very  very  very  very  very  very  very  very   very  very  very  very  very  very  very  very  very  very   very  very  very  very  very  very  very  very  very  very   very  very  very  very  very  very  very  very  very  very   very  very  very  very  very  very  very  very  very  very   very  very  very  very  very  very  very  very  very  very   very  very  very  very  very  very  very  very  very  very   very  very  very  very  very  very  very  very  very  very   very  very  very  very  very  very  very  very  very  very   very  very  very  very  very  very  very  very  very  very   very  very  very  very  very  very  very  very  very  very   very  very  very  very  very  very  very  very  very  very   very  very  very  very  very  very  very  very  very  very   very  very  very  very  very  very  very  very  very  very   very  very  very  very  very  very  very  very  very  very   very  very  very  very  very  very  very  very  very  very   very  very  very  very  very  very  very  very  very  very   very  very  very  very  very  very  very  very  very  very   very  very  very  very  very  very  very  very  very  very   very  very  very  very  very  very  very  very  very  very   very  very  very  very  very  very  very  very  very  very   very  very  very  very  very  very  very  very  very  very   very  very  very  very  very  very  very  very  very  very   very  very  very  very  very  very  very  very  very  very   very  very  very  very  very  very  very  very  very  very   very  very  very  very  very  very  very  very  very  very   very  very  very  very  very  very  very  very  very  very   very  very  very  very  very  very  very  very  very  very   very  very  very  very  very  very  very  very  very  very   very  very  very  very  very  very  very  very  very  very   very  very  very  very  very  very  very  very  very  very   very  very  very  very  very  very  very  very  very  very   very  very  very  very  very  very  very  very  very  very   very  very  very  very  very  very  very  very  very  very   very  very  very  very  very  very  very  very  very  very   very  very  very  very  very  very  very  very  very  very   very  very  very  very  very  very  very  very  very  very   very  very  very  very  very  very  very  very  very  very   very  very  very  very  very  very  very  very  very  very   very  very  very  very  very  very  very  very  very  very   very  very  very  very  very  very  very  very  very  very   very  very  very  very  very  very  very  very  very  very   very  very  very  very  very  very  very  very  very  very   very  very  very  very  very  very  very  very  very  very   very  very  very  very  very  very  very  very  very  very   very  very  very  very  very  very  very  very  very  very   very  very  very  very  very  very  very  very  very  very   very  very  very  very  very  very  very  very  very  very   very  very  very  very  very  very  very  very  very  very   very  very  very  very  very  very  very  very  very  very   very  very  very  very  very  very  very  very  very  very   very  very  very  very  very  very  very  very  very  very   very  very  very  very  very  very  very  very  very  very   very  very  very  very  very  very  very  very  very  very   very  very  very  very  very  very  very  very  very  very   very  very  very  very  very  very  very  very  very  very   very  very  very  very  very  very  very  very  very  very   very  very  very  very  very  very  very  very  very  very   very  very  very  very  very  very  very  very  very  very   very  very  very  very  very  very  very  very  very  very   very  very  very  very  very  very  very  very  very  very   very  very  very  very  very  very  very  very  very  very   very  very  very  very  very  very  very  very  very  very   very  very  very  very  very  very  very  very  very  very   very  very  very  very  very  very  very  very  very  very   very  very  very  very  very  very  very  very  very  very   very  very  very  very  very  long lines of 
these are not
these are still not
these are really not
these are very  very  very  very  very   very  very  very  very  very  very  very  very  very  very   very  very  very  very  very  very  very  very  very  very   very  very  very  very  very  very  very  very  very  very   very  very  very  very  very  very  very  very  very  very   very  very  very  very  very  very  very  very  very  very   very  very  very  very  very  very  very  very  very  very   very  very  very  very  very  very  very  very  very  very   very  very  very  very  very  very  very  very  very  very   very  very  very  very  very  very  very  very  very  very   very  very  very  very  very  very  very  very  very  very   very  very  very  very  very  very  very  very  very  very   very  very  very  very  very  very  very  very  very  very   very  very  very  very  very  very  very  very  very  very   very  very  very  very  very  very  very  very  very  very   very  very  very  very  very  very  very  very  very  very   very  very  very  very  very  very  very  very  very  very   very  very  very  very  very  very  very  very  very  very   very  very  very  very  very  very  very  very  very  very   very  very  very  very  very  very  very  very  very  very   very  very  very  very  very  very  very  very  very  very   very  very  very  very  very  very  very  very  very  very   very  very  very  very  very  very  very  very  very  very   very  very  very  very  very  very  very  very  very  very   very  very  very  very  very  very  very  very  very  very   very  very  very  very  very  very  very  very  very  very   very  very  very  very  very  very  very  very  very  very   very  very  very  very  very  very  very  very  very  very   very  very  very  very  very  very  very  very  very  very   very  very  very  very  very  very  very  very  very  very   very  very  very  very  very  very  very  very  very  very   very  very  very  very  very  very  very  very  very  very   very  very  very  very  very  very  very  very  very  very   very  very  very  very  very  very  very  very  very  very   very  very  very  very  very  very  very  very  very  very   very  very  very  very  very  very  very  very  very  very   very  very  very  very  very  very  very  very  very  very   very  very  very  very  very  very  very  very  very  very   very  very  very  very  very  very  very  very  very  very   very  very  very  very  very  very  very  very  very  very   very  very  very  very  very  very  very  very  very  very   very  very  very  very  very  very  very  very  very  very   very  very  very  very  very  very  very  very  very  very   very  very  very  very  very  very  very  very  very  very   very  very  very  very  very  very  very  very  very  very   very  very  very  very  very  very  very  very  very  very   very  very  very  very  very  very  very  very  very  very   very  very  very  very  very  very  very  very  very  very   very  very  very  very  very  very  very  very  very  very   very  very  very  very  very  very  very  very  very  very   very  very  very  very  very  very  very  very  very  very   very  very  very  very  very  very  very  very  very  very   very  very  very  very  very  very  very  very  very  very   very  very  very  very  very  very  very  very  very  very   very  very  very  very  very  very  very  very  very  very   very  very  very  very  very  very  very  very  very  very   very  very  very  very  very  very  very  very  very  very   very  very  very  very  very  very  very  very  very  very   very  very  very  very  very  very  very  very  very  very   very  very  very  very  very  very  very  very  very  very   very  very  very  very  very  very  very  very  very  very   very  very  very  very  very  very  very  very  very  very   very  very  very  very  very  very  very  very  very  very   very  very  very  very  very  very  very  very  very  very   very  very  very  very  very  very  very  very  very  very   very  very  very  very  very  very  very  very  very  very   very  very  very  very  very  very  very  very  very  very   very  very  very  very  very  very  very  very  very  very   very  very  very  very  very  very  very  very  very  very   very  very  very  very  very  very  very  very  very  very   very  very  very  very  very  very  very  very  very  very   very  very  very  very  very  very  very  very  very  very   very  very  very  very  very  very  very  very  very  very   very  very  very  very  very  very  very  very  very  very   very  very  very  very  very  very  very  very  very  very   very  very  very  very  very  very  very  very  very  very   very  very  very  very  very  very  very  very  very  very   very  very  very  very  very  very  very  very  very  very   very  very  very  very  very  very  very  very  very  very   very  very  very  very  very  very  very  very  very  very   very  very  very  very  very  very  very  very  very  very   very  very  very  very  very  very  very  very  very  very   very  very  very  very  very  very  very  very  very  very   very  very  very  very  very  very  very  very  very  very   very  very  very  very  very  very  very  very  very  very   very  very  very  very  very  very  very  very  very  very   very  very  very  very  very  very  very  very  very  very   very  very  very  very  very  very  very  very  very  very   very  very  very  very  very  very  very  very  very  very   very  very  very  very  very  very  very  very  very  very   very  very  very  very  very  very  very  very  very  very   very  very  very  very  very  very  very  very  very  very   very  very  very  very  very  very  very  very  very  very   very  very  very  very  very  long lines of .

