this one should remain the same
my-sed: cannot open file
