your program should print this line 4 times
your program should print this line 4 times
your program should print this line 4 times
your program should print this line 4 times
