this one has stuff in it
this one does too
this one should be printed without preceding empty line
