This line should only appear once
my-uniq: cannot open file
